SELECT * FROM jsonb_diff(
  '{"id":1, "name":"foo", "data":"foo", "col":1, "arr":[1,"2",3,4] }',
  '{"id":1, "data":"foo", "col":1, "arr":[1,"2",3,4], "name":"foo" }'
);
NOTICE:  table "scm_table" does not exist, skipping
 kind | left_path | left_schema | right_path | right_schema 
------+-----------+-------------+------------+--------------
(0 rows)

